=========== all ============
FSRCDIR should not be empty
mkc_imp.mk:133: recipe for target 'check_mkc_err_msg' failed
