=========== all ============
mkc_imp.conf.mk:295: endianess test deprecated; use endianness instead
BUILTIN.endianess=big
